Microchip MPLAB XC8 Compiler V2.50

Linker command line:

-W-3 \
  --edf=C:\Program Files\Microchip\xc8\v2.50\pic\dat\20240725155939_en.msgs \
  -cn -h+dist/default/debug\PROJETOFINAL_v3.X.debug.sym \
  --cmf=dist/default/debug\PROJETOFINAL_v3.X.debug.cmf -z -w9 \
  --disl=596:off -Q16F1827 \
  -oC:\Users\karen\AppData\Local\Temp\xcAseso.\driver_tmp_3.o \
  --defsym=__MPLAB_BUILD=1 -Mdist/default/debug/PROJETOFINAL_v3.X.debug.map \
  --md=C:\Users\karen\AppData\Local\Temp\xcAseso.\driver_tmp_0.dat -E1 \
  -ver=XC8 Compiler --acfsm=1493 -ACODE=00h-07FFhx2 -ASTRCODE=00h-0FFFh \
  -ASTRING=00h-0FFhx16 -ACONST=00h-0FFhx16 -AENTRY=00h-0FFhx16 \
  -ACOMMON=070h-07Fh -ABANK0=020h-06Fh -ABANK1=0A0h-0EFh \
  -ABANK2=0120h-016Fh -ABANK3=01A0h-01EFh -ABANK4=0220h-024Fh \
  -ABIGRAM=02000h-0216Fh \
  -ARAM=020h-06Fh,0A0h-0EFh,0120h-016Fh,01A0h-01EFh,0220h-024Fh \
  -AABS1=020h-07Fh,0A0h-0EFh,0120h-016Fh,01A0h-01EFh,0220h-024Fh \
  -ASFR0=00h-01Fh -ASFR1=080h-09Fh -ASFR2=0100h-011Fh -ASFR3=0180h-019Fh \
  -ASFR4=0200h-021Fh -ASFR5=0280h-02EFh -ASFR6=0300h-036Fh \
  -ASFR7=0380h-03EFh -ASFR8=0400h-046Fh -ASFR9=0480h-04EFh \
  -ASFR10=0500h-056Fh -ASFR11=0580h-05EFh -ASFR12=0600h-066Fh \
  -ASFR13=0680h-06EFh -ASFR14=0700h-076Fh -ASFR15=0780h-07EFh \
  -ASFR16=0800h-086Fh -ASFR17=0880h-08EFh -ASFR18=0900h-096Fh \
  -ASFR19=0980h-09EFh -ASFR20=0A00h-0A6Fh -ASFR21=0A80h-0AEFh \
  -ASFR22=0B00h-0B6Fh -ASFR23=0B80h-0BEFh -ASFR24=0C00h-0C6Fh \
  -ASFR25=0C80h-0CEFh -ASFR26=0D00h-0D6Fh -ASFR27=0D80h-0DEFh \
  -ASFR28=0E00h-0E6Fh -ASFR29=0E80h-0EEFh -ASFR30=0F00h-0F6Fh \
  -ASFR31=0F80h-0FEFh -ACONFIG=08007h-08008h -DCONFIG=2 \
  -AIDLOC=08000h-08003h -DIDLOC=2 -AEEDATA=00h-0FFh/0F000h \
  -peeprom_data=EEDATA -DEEDATA=2 -DCODE=2 -DSTRCODE=2 -DSTRING=2 -DCONST=2 \
  -DENTRY=2 -preset_vec=00h,intentry=04h,sivt,init,end_init -ppowerup=CODE \
  -pcinit=CODE -pfunctab=ENTRY -k \
  C:\Users\karen\AppData\Local\Temp\xcAseso.\driver_tmp_15.o \
  dist/default/debug\PROJETOFINAL_v3.X.debug.o 

Object code version is 3.11

Machine type is 16F1827



                Name                               Link     Load   Length Selector   Space Scale
C:\Users\karen\AppData\Local\Temp\xcAseso.\driver_tmp_15.o
                end_init                             56       56        3        8       0
                reset_vec                             0        0        2        0       0
                config                             8007     8007        2        0       4
dist/default/debug\PROJETOFINAL_v3.X.debug.o
                cinit                                59       59       17        8       0
                intentry                              4        4       52        8       0
                config                             8007     8007        2        0       4
                text62                              8F5      8F5       15     11EA       0
                text61                                0        0        4        0       0
                text60                              87A      87A        1     10F4       0
                text59                                4        4        4        0       0
                text58                              B44      B44       3D     1688       0
                text57                              9BA      9BA       1E     1374       0
                text56                              87B      87B        1     10F6       0
                text55                              888      888        D     1110       0
                text54                                8        8        5        0       0
                text53                                2        2        1        0       0
                text52                              8C0      8C0       11     1180       0
                text51                              90A      90A       17     1214       0
                text50                                3        3        1        6       0
                text49                              8B1      8B1        F     1162       0
                text47                              968      968       1B     12D0       0
                text46                              CA3      CA3       70     1946       0
                text45                              B81      B81       57     1702       0
                text44                              99E      99E       1C     133C       0
                text43                              A80      A80       24     1500       0
                text42                               70       70      23B        8       0
                text41                              2AB      2AB      20C        8       0
                text40                              9F7      9F7       20     13EE       0
                text39                              C34      C34       6F     1868       0
                text38                              E22      E22       A5     1C44       0
                text37                              EC7      EC7      139     1D8E       0
                text36                              921      921       17     1242       0
                text35                              AD3      AD3       35     15A6       0
                text34                              A17      A17       23     142E       0
                text33                              A3A      A3A       23     1474       0
                text32                                D        D        9        0       0
                text31                              895      895        E     112A       0
                text30                               16       16        8        0       0
                text29                              8A3      8A3        E     1146       0
                text28                               1E       1E        6        0       0
                text27                               24       24        6        0       0
                text26                               2A       2A        6        0       0
                text25                               30       30        6        0       0
                text24                               36       36        6        0       0
                text23                              B08      B08       3C     1610       0
                text22                               3C       3C        6        0       0
                text21                              87C      87C        C     10F8       0
                text20                               42       42        7        0       0
                text19                              938      938       17     1270       0
                text18                               49       49        6        0       0
                text17                              983      983       1B     1306       0
                text16                               4F       4F        8        0       0
                text15                               57       57        6        0       0
                text14                              8E2      8E2       13     11C4       0
                text13                               5D       5D        4        0       0
                text12                              9D8      9D8       1F     13B0       0
                text11                               61       61        B        0       0
                text10                              4B7      4B7      1A4        8       0
                text9                               D97      D97       8B     1B2E       0
                text8                               65B      65B      153        8       0
                text7                               94F      94F       19     129E       0
                text6                                6C       6C        3        0       0
                text5                                6F       6F        3        0       0
                text4                               8D1      8D1       11     11A2       0
                text3                               BD8      BD8       5C     17B0       0
                text2                               A5D      A5D       23     14BA       0
                text1                               AA4      AA4       2F     1548       0
                maintext                            D13      D13       84     1A26       0
                cstackBANK0                          20       20       4F       20       1
                cstackCOMMON                         70       70        9       70       1
                cstackBANK1                          DB       DB        E       A0       1
                cstackBANK2                         152      152        4      120       1
                clrtext                              72       72        6        0       0
                bssBANK2                            120      120       28      120       1
                bssBANK1                             A0       A0       3B       A0       1
                bssCOMMON                            79       79        3       70       1
                nvBANK2                             148      148        A      120       1
                nvBANK1                              E9       E9        6       A0       1
                stringtext1                         7AE      7AE       CC      F5C       0

TOTAL           Name                               Link     Load   Length     Space
        CLASS   CODE           
                end_init                             56       56        3         0
                cinit                                59       59       17         0
                intentry                              4        4       52         0
                reset_vec                             0        0        2         0
                text62                              8F5      8F5       15         0
                text61                                0        0        4         0
                text60                              87A      87A        1         0
                text59                                4        4        4         0
                text58                              B44      B44       3D         0
                text57                              9BA      9BA       1E         0
                text56                              87B      87B        1         0
                text55                              888      888        D         0
                text54                                8        8        5         0
                text53                                2        2        1         0
                text52                              8C0      8C0       11         0
                text51                              90A      90A       17         0
                text50                                3        3        1         0
                text49                              8B1      8B1        F         0
                text47                              968      968       1B         0
                text46                              CA3      CA3       70         0
                text45                              B81      B81       57         0
                text44                              99E      99E       1C         0
                text43                              A80      A80       24         0
                text42                               70       70      23B         0
                text41                              2AB      2AB      20C         0
                text40                              9F7      9F7       20         0
                text39                              C34      C34       6F         0
                text38                              E22      E22       A5         0
                text37                              EC7      EC7      139         0
                text36                              921      921       17         0
                text35                              AD3      AD3       35         0
                text34                              A17      A17       23         0
                text33                              A3A      A3A       23         0
                text32                                D        D        9         0
                text31                              895      895        E         0
                text30                               16       16        8         0
                text29                              8A3      8A3        E         0
                text28                               1E       1E        6         0
                text27                               24       24        6         0
                text26                               2A       2A        6         0
                text25                               30       30        6         0
                text24                               36       36        6         0
                text23                              B08      B08       3C         0
                text22                               3C       3C        6         0
                text21                              87C      87C        C         0
                text20                               42       42        7         0
                text19                              938      938       17         0
                text18                               49       49        6         0
                text17                              983      983       1B         0
                text16                               4F       4F        8         0
                text15                               57       57        6         0
                text14                              8E2      8E2       13         0
                text13                               5D       5D        4         0
                text12                              9D8      9D8       1F         0
                text11                               61       61        B         0
                text10                              4B7      4B7      1A4         0
                text9                               D97      D97       8B         0
                text8                               65B      65B      153         0
                text7                               94F      94F       19         0
                text6                                6C       6C        3         0
                text5                                6F       6F        3         0
                text4                               8D1      8D1       11         0
                text3                               BD8      BD8       5C         0
                text2                               A5D      A5D       23         0
                text1                               AA4      AA4       2F         0
                maintext                            D13      D13       84         0
                clrtext                              72       72        6         0

        CLASS   STRCODE        
                stringtext1                         7AE      7AE       CC         0

        CLASS   STRING         

        CLASS   CONST          

        CLASS   ENTRY          

        CLASS   COMMON         
                cstackCOMMON                         70       70        9         1
                bssCOMMON                            79       79        3         1

        CLASS   BANK0          
                cstackBANK0                          20       20       4F         1

        CLASS   BANK1          
                cstackBANK1                          DB       DB        E         1
                bssBANK1                             A0       A0       3B         1
                nvBANK1                              E9       E9        6         1

        CLASS   BANK2          
                cstackBANK2                         152      152        4         1
                bssBANK2                            120      120       28         1
                nvBANK2                             148      148        A         1

        CLASS   BANK3          

        CLASS   BANK4          

        CLASS   BIGRAM         

        CLASS   RAM            

        CLASS   ABS1           
                abs_s1                               7E       7E        2         1

        CLASS   SFR0           

        CLASS   SFR1           

        CLASS   SFR2           

        CLASS   SFR3           

        CLASS   SFR4           

        CLASS   SFR5           

        CLASS   SFR6           

        CLASS   SFR7           

        CLASS   SFR8           

        CLASS   SFR9           

        CLASS   SFR10          

        CLASS   SFR11          

        CLASS   SFR12          

        CLASS   SFR13          

        CLASS   SFR14          

        CLASS   SFR15          

        CLASS   SFR16          

        CLASS   SFR17          

        CLASS   SFR18          

        CLASS   SFR19          

        CLASS   SFR20          

        CLASS   SFR21          

        CLASS   SFR22          

        CLASS   SFR23          

        CLASS   SFR24          

        CLASS   SFR25          

        CLASS   SFR26          

        CLASS   SFR27          

        CLASS   SFR28          

        CLASS   SFR29          

        CLASS   SFR30          

        CLASS   SFR31          

        CLASS   CONFIG         
                config                             8007     8007        2         4

        CLASS   IDLOC          

        CLASS   EEDATA         

        CLASS   BANK31         

        CLASS   BANK30         

        CLASS   BANK29         

        CLASS   BANK28         

        CLASS   BANK27         

        CLASS   BANK26         

        CLASS   BANK25         

        CLASS   BANK24         

        CLASS   BANK23         

        CLASS   BANK22         

        CLASS   BANK21         

        CLASS   BANK20         

        CLASS   BANK19         

        CLASS   BANK18         

        CLASS   BANK17         

        CLASS   BANK16         

        CLASS   BANK15         

        CLASS   BANK14         

        CLASS   BANK13         

        CLASS   BANK12         

        CLASS   BANK11         

        CLASS   BANK10         

        CLASS   BANK9          

        CLASS   BANK8          

        CLASS   BANK7          

        CLASS   BANK6          

        CLASS   BANK5          

        CLASS   HEAP           

        CLASS   STACK          



SEGMENTS        Name                           Load    Length   Top    Selector   Space  Class     Delta

                reset_vec                      000000  000003  000003         0       0  CODE        2
                text50                         000003  000001  000004         6       0  CODE        2
                intentry                       000004  0007AA  0007AE         8       0  CODE        2
                cstackBANK0                    000020  00004F  00006F        20       1  BANK0       1
                cstackCOMMON                   000070  00000C  00007C        70       1  COMMON      1
                bssBANK1                       0000A0  00004F  0000EF        A0       1  BANK1       1
                bssBANK2                       000120  000036  000156       120       1  BANK2       1
                stringtext1                    0007AE  0000CC  00087A       F5C       0  STRCODE     2
                text60                         00087A  000001  00087B      10F4       0  CODE        2
                text56                         00087B  000001  00087C      10F6       0  CODE        2
                text21                         00087C  00000C  000888      10F8       0  CODE        2
                text55                         000888  00000D  000895      1110       0  CODE        2
                text31                         000895  00000E  0008A3      112A       0  CODE        2
                text29                         0008A3  00000E  0008B1      1146       0  CODE        2
                text49                         0008B1  00000F  0008C0      1162       0  CODE        2
                text52                         0008C0  000011  0008D1      1180       0  CODE        2
                text4                          0008D1  000011  0008E2      11A2       0  CODE        2
                text14                         0008E2  000013  0008F5      11C4       0  CODE        2
                text62                         0008F5  000015  00090A      11EA       0  CODE        2
                text51                         00090A  000017  000921      1214       0  CODE        2
                text36                         000921  000017  000938      1242       0  CODE        2
                text19                         000938  000017  00094F      1270       0  CODE        2
                text7                          00094F  000019  000968      129E       0  CODE        2
                text47                         000968  00001B  000983      12D0       0  CODE        2
                text17                         000983  00001B  00099E      1306       0  CODE        2
                text44                         00099E  00001C  0009BA      133C       0  CODE        2
                text57                         0009BA  00001E  0009D8      1374       0  CODE        2
                text12                         0009D8  00001F  0009F7      13B0       0  CODE        2
                text40                         0009F7  000020  000A17      13EE       0  CODE        2
                text34                         000A17  000023  000A3A      142E       0  CODE        2
                text33                         000A3A  000023  000A5D      1474       0  CODE        2
                text2                          000A5D  000023  000A80      14BA       0  CODE        2
                text43                         000A80  000024  000AA4      1500       0  CODE        2
                text1                          000AA4  00002F  000AD3      1548       0  CODE        2
                text35                         000AD3  000035  000B08      15A6       0  CODE        2
                text23                         000B08  00003C  000B44      1610       0  CODE        2
                text58                         000B44  00003D  000B81      1688       0  CODE        2
                text45                         000B81  000057  000BD8      1702       0  CODE        2
                text3                          000BD8  00005C  000C34      17B0       0  CODE        2
                text39                         000C34  00006F  000CA3      1868       0  CODE        2
                text46                         000CA3  000070  000D13      1946       0  CODE        2
                maintext                       000D13  000084  000D97      1A26       0  CODE        2
                text9                          000D97  00008B  000E22      1B2E       0  CODE        2
                text38                         000E22  0000A5  000EC7      1C44       0  CODE        2
                text37                         000EC7  000139  001000      1D8E       0  CODE        2


UNUSED ADDRESS RANGES

        Name                Unused          Largest block    Delta
        BANK0            0006F-0006F               1           1
        BANK1            000EF-000EF               1           1
        BANK2            00156-0016F              1A           1
        BANK3            001A0-001EF              50           1
        BANK4            00220-0024F              30           1
        BIGRAM           02000-0216F             170           1
        COMMON           0007C-0007D               2           1
        EEDATA           0F000-0F0FF             100           2
        IDLOC            08000-08003               4           2
        RAM              0006F-0006F               1           1
                         000EF-000EF               1
                         00156-0016F              1A
                         001A0-001EF              50
                         00220-0024F              30
        SFR0             00000-0001F              20           1
        SFR1             00080-0009F              20           1
        SFR10            00500-0056F              70           1
        SFR11            00580-005EF              70           1
        SFR12            00600-0066F              70           1
        SFR13            00680-006EF              70           1
        SFR14            00700-0076F              70           1
        SFR15            00780-007EF              70           1
        SFR16            00800-0086F              70           1
        SFR17            00880-008EF              70           1
        SFR18            00900-0096F              70           1
        SFR19            00980-009EF              70           1
        SFR2             00100-0011F              20           1
        SFR20            00A00-00A6F              70           1
        SFR21            00A80-00AEF              70           1
        SFR22            00B00-00B6F              70           1
        SFR23            00B80-00BEF              70           1
        SFR24            00C00-00C6F              70           1
        SFR25            00C80-00CEF              70           1
        SFR26            00D00-00D6F              70           1
        SFR27            00D80-00DEF              70           1
        SFR28            00E00-00E6F              70           1
        SFR29            00E80-00EEF              70           1
        SFR3             00180-0019F              20           1
        SFR30            00F00-00F6F              70           1
        SFR31            00F80-00FEF              70           1
        SFR4             00200-0021F              20           1
        SFR5             00280-002EF              70           1
        SFR6             00300-0036F              70           1
        SFR7             00380-003EF              70           1
        SFR8             00400-0046F              70           1
        SFR9             00480-004EF              70           1

                                  Symbol Table

?_ADC_GetConversion                            cstackCOMMON 00072
?_ControleAjuste                               cstackBANK1  000DB
?_TMR1_ReadTimer                               cstackCOMMON 00072
?__Umul8_16                                    cstackCOMMON 00072
?___fladd                                      cstackBANK0  0004D
?___fldiv                                      cstackBANK0  0004D
?___flmul                                      cstackBANK0  00033
?___flsub                                      cstackBANK0  00061
?___fltol                                      cstackBANK0  00067
?___xxtofl                                     cstackBANK0  00025
ADC_GetConversion@channel                      cstackCOMMON 00075
Controle@ajuste                                cstackBANK2  00152
ControleAjuste@deltaErro                       cstackBANK1  000DD
ControleAjuste@erroAtual                       cstackBANK1  000E5
EPWM1_LoadDutyValue@dutyValue                  cstackCOMMON 00072
EUSART_Read@readValue                          cstackCOMMON 00072
EUSART_SetErrorHandler@interruptHandler        cstackCOMMON 00072
EUSART_SetFramingErrorHandler@interruptHandler cstackCOMMON 00072
EUSART_SetOverrunErrorHandler@interruptHandler cstackCOMMON 00072
EUSART_SetRxInterruptHandler@interruptHandler  cstackCOMMON 00072
EUSART_SetTxInterruptHandler@interruptHandler  cstackCOMMON 00072
INT_SetInterruptHandler@InterruptHandler       cstackCOMMON 00072
LeituraValvula@forcar_calibracao               cstackBANK0  00020
LeituraValvula@valor_sensor                    cstackBANK0  00021
MoveValvula@direcao                            cstackCOMMON 00073
MoveValvula@passos                             bssBANK1     000CE
TMR1_ReadTimer@readVal                         cstackBANK0  00020
TMR1_ReadTimer@readValHigh                     cstackBANK0  00022
TMR1_ReadTimer@readValLow                      cstackBANK0  00023
TMR1_SetInterruptHandler@InterruptHandler      cstackCOMMON 00072
TMR1_WriteTimer@timerVal                       cstackCOMMON 00072
TMR4_SetInterruptHandler@InterruptHandler      cstackCOMMON 00072
_ADCON0                                        (abs)        0009D
_ADCON0bits                                    (abs)        0009D
_ADCON1                                        (abs)        0009E
_ADC_GetConversion                             text47       00968
_ADC_Initialize                                text30       00016
_ADRESH                                        (abs)        0009C
_ADRESL                                        (abs)        0009B
_ANSELA                                        (abs)        0018C
_ANSELB                                        (abs)        0018D
_APFCON0                                       (abs)        0011D
_APFCON1                                       (abs)        0011E
_AbreValvula                                   text44       0099E
_BAUDCON                                       (abs)        0019F
_BORCON                                        (abs)        00116
_CCP1CON                                       (abs)        00293
_CCPR1H                                        (abs)        00292
_CCPR1L                                        (abs)        00291
_CCPTMRS0bits                                  (abs)        0029E
_Controle                                      text33       00A3A
_ControleAjuste                                text37       00EC7
_ControleAjuste$1897                           cstackBANK1  000E1
_ECCP1AS                                       (abs)        00295
_EPWM1_Initialize                              text29       008A3
_EPWM1_LoadDutyValue                           text36       00921
_EUSART_DefaultErrorHandler                    text61       00000
_EUSART_DefaultFramingErrorHandler             text60       0087A
_EUSART_DefaultOverrunErrorHandler             text59       00004
_EUSART_ErrorHandler                           nvBANK2      00148
_EUSART_FramingErrorHandler                    nvBANK2      0014C
_EUSART_Initialize                             text23       00B08
_EUSART_OverrunErrorHandler                    nvBANK2      0014A
_EUSART_Read                                   text2        00A5D
_EUSART_Receive_ISR                            text58       00B44
_EUSART_RxDataHandler                          text62       008F5
_EUSART_RxDefaultInterruptHandler              nvBANK2      0014E
_EUSART_SetErrorHandler                        text28       0001E
_EUSART_SetFramingErrorHandler                 text27       00024
_EUSART_SetOverrunErrorHandler                 text26       0002A
_EUSART_SetRxInterruptHandler                  text25       00030
_EUSART_SetTxInterruptHandler                  text24       00036
_EUSART_Transmit_ISR                           text57       009BA
_EUSART_TxDefaultInterruptHandler              nvBANK2      00150
_EUSART_is_rx_ready                            text32       0000D
_EXT_INT_Initialize                            text21       0087C
_FechaValvula                                  text31       00895
_INTCONbits                                    (abs)        0000B
_INTERRUPT_InterruptManager                    intentry     00004
_INT_CallBack                                  text55       00888
_INT_DefaultInterruptHandler                   text56       0087B
_INT_ISR                                       text54       00008
_INT_InterruptHandler                          nvBANK1      000E9
_INT_SetInterruptHandler                       text22       0003C
_LATA                                          (abs)        0010C
_LATAbits                                      (abs)        0010C
_LATB                                          (abs)        0010D
_LUTsoundspeed                                 stringtext1  007AE
_LeituraValvula                                text45       00B81
_MoveValvula                                   text46       00CA3
_OPTION_REGbits                                (abs)        00095
_OSCCON                                        (abs)        00099
_OSCILLATOR_Initialize                         text20       00042
_OSCTUNE                                       (abs)        00098
_PIE1bits                                      (abs)        00091
_PIE3bits                                      (abs)        00093
_PIN_MANAGER_Initialize                        text19       00938
_PIR1bits                                      (abs)        00011
_PIR3bits                                      (abs)        00013
_PORTBbits                                     (abs)        0000D
_PR2                                           (abs)        0001B
_PR4                                           (abs)        00416
_PSTR1CON                                      (abs)        00296
_PWM1CON                                       (abs)        00294
_RCREG                                         (abs)        00199
_RCSTA                                         (abs)        0019D
_RCSTAbits                                     (abs)        0019D
_SPBRGH                                        (abs)        0019C
_SPBRGL                                        (abs)        0019B
_SYSTEM_Initialize                             text12       009D8
_T1CON                                         (abs)        00018
_T1CONbits                                     (abs)        00018
_T1GCON                                        (abs)        00019
_T1GCONbits                                    (abs)        00019
_T2CON                                         (abs)        0001C
_T2CONbits                                     (abs)        0001C
_T4CON                                         (abs)        00417
_T4CONbits                                     (abs)        00417
_TMR1H                                         (abs)        00017
_TMR1L                                         (abs)        00016
_TMR1_DefaultInterruptHandler                  text53       00002
_TMR1_ISR                                      text51       0090A
_TMR1_Initialize                               text17       00983
_TMR1_InterruptHandler                         nvBANK1      000ED
_TMR1_ReadTimer                                text7        0094F
_TMR1_SetInterruptHandler                      text18       00049
_TMR1_StartTimer                               text6        0006C
_TMR1_StopTimer                                text5        0006F
_TMR1_WriteTimer                               text4        008D1
_TMR2                                          (abs)        0001A
_TMR2_Initialize                               text16       0004F
_TMR4                                          (abs)        00415
_TMR4_DefaultInterruptHandler                  text50       00003
_TMR4_ISR                                      text49       008B1
_TMR4_Initialize                               text14       008E2
_TMR4_InterruptHandler                         nvBANK1      000EB
_TMR4_SetInterruptHandler                      text15       00057
_TRISA                                         (abs)        0008C
_TRISB                                         (abs)        0008D
_TXREG                                         (abs)        0019A
_TXSTA                                         (abs)        0019E
_TXSTAbits                                     (abs)        0019E
_WDTCON                                        (abs)        00097
_WDT_Initialize                                text13       0005D
_WPUA                                          (abs)        0020C
_WPUB                                          (abs)        0020D
__H__absolute__                                __absolute__ 00000
__Habs1                                        abs1         00000
__Hbank0                                       bank0        00000
__Hbank1                                       bank1        00000
__Hbank10                                      bank10       00000
__Hbank11                                      bank11       00000
__Hbank12                                      bank12       00000
__Hbank13                                      bank13       00000
__Hbank14                                      bank14       00000
__Hbank15                                      bank15       00000
__Hbank16                                      bank16       00000
__Hbank17                                      bank17       00000
__Hbank18                                      bank18       00000
__Hbank19                                      bank19       00000
__Hbank2                                       bank2        00000
__Hbank20                                      bank20       00000
__Hbank21                                      bank21       00000
__Hbank22                                      bank22       00000
__Hbank23                                      bank23       00000
__Hbank24                                      bank24       00000
__Hbank25                                      bank25       00000
__Hbank26                                      bank26       00000
__Hbank27                                      bank27       00000
__Hbank28                                      bank28       00000
__Hbank29                                      bank29       00000
__Hbank3                                       bank3        00000
__Hbank30                                      bank30       00000
__Hbank31                                      bank31       00000
__Hbank4                                       bank4        00000
__Hbank5                                       bank5        00000
__Hbank6                                       bank6        00000
__Hbank7                                       bank7        00000
__Hbank8                                       bank8        00000
__Hbank9                                       bank9        00000
__Hbigram                                      bigram       00000
__HbssBANK1                                    bssBANK1     000F0
__HbssBANK2                                    bssBANK2     000F0
__HbssCOMMON                                   bssCOMMON    000F0
__Hcinit                                       cinit        00070
__Hclrtext                                     clrtext      00000
__Hcode                                        code         00000
__Hcommon                                      common       00000
__Hconfig                                      config       08009
__HcstackBANK0                                 cstackBANK0  000E4
__HcstackBANK1                                 cstackBANK1  000E4
__HcstackBANK2                                 cstackBANK2  000E4
__HcstackCOMMON                                cstackCOMMON 000E4
__Heeprom_data                                 eeprom_data  00000
__Hend_init                                    end_init     00059
__Hfunctab                                     functab      00000
__Hheap                                        heap         00000
__Hinit                                        init         00056
__Hintentry                                    intentry     00056
__Hmaintext                                    maintext     00000
__HnvBANK1                                     nvBANK1      000F0
__HnvBANK2                                     nvBANK2      000F0
__Hpowerup                                     powerup      00000
__Hram                                         ram          00000
__Hreset_vec                                   reset_vec    00002
__Hsfr0                                        sfr0         00000
__Hsfr1                                        sfr1         00000
__Hsfr10                                       sfr10        00000
__Hsfr11                                       sfr11        00000
__Hsfr12                                       sfr12        00000
__Hsfr13                                       sfr13        00000
__Hsfr14                                       sfr14        00000
__Hsfr15                                       sfr15        00000
__Hsfr16                                       sfr16        00000
__Hsfr17                                       sfr17        00000
__Hsfr18                                       sfr18        00000
__Hsfr19                                       sfr19        00000
__Hsfr2                                        sfr2         00000
__Hsfr20                                       sfr20        00000
__Hsfr21                                       sfr21        00000
__Hsfr22                                       sfr22        00000
__Hsfr23                                       sfr23        00000
__Hsfr24                                       sfr24        00000
__Hsfr25                                       sfr25        00000
__Hsfr26                                       sfr26        00000
__Hsfr27                                       sfr27        00000
__Hsfr28                                       sfr28        00000
__Hsfr29                                       sfr29        00000
__Hsfr3                                        sfr3         00000
__Hsfr30                                       sfr30        00000
__Hsfr31                                       sfr31        00000
__Hsfr4                                        sfr4         00000
__Hsfr5                                        sfr5         00000
__Hsfr6                                        sfr6         00000
__Hsfr7                                        sfr7         00000
__Hsfr8                                        sfr8         00000
__Hsfr9                                        sfr9         00000
__Hsivt                                        sivt         00056
__Hspace_0                                     (abs)        01000
__Hspace_1                                     (abs)        00156
__Hspace_2                                     (abs)        00000
__Hspace_3                                     (abs)        00000
__Hspace_4                                     (abs)        10010
__Hstack                                       stack        00000
__Hstrings                                     strings      00000
__Hstringtext1                                 stringtext1  000F0
__Htext                                        text         00000
__L__absolute__                                __absolute__ 00000
__Labs1                                        abs1         00000
__Lbank0                                       bank0        00000
__Lbank1                                       bank1        00000
__Lbank10                                      bank10       00000
__Lbank11                                      bank11       00000
__Lbank12                                      bank12       00000
__Lbank13                                      bank13       00000
__Lbank14                                      bank14       00000
__Lbank15                                      bank15       00000
__Lbank16                                      bank16       00000
__Lbank17                                      bank17       00000
__Lbank18                                      bank18       00000
__Lbank19                                      bank19       00000
__Lbank2                                       bank2        00000
__Lbank20                                      bank20       00000
__Lbank21                                      bank21       00000
__Lbank22                                      bank22       00000
__Lbank23                                      bank23       00000
__Lbank24                                      bank24       00000
__Lbank25                                      bank25       00000
__Lbank26                                      bank26       00000
__Lbank27                                      bank27       00000
__Lbank28                                      bank28       00000
__Lbank29                                      bank29       00000
__Lbank3                                       bank3        00000
__Lbank30                                      bank30       00000
__Lbank31                                      bank31       00000
__Lbank4                                       bank4        00000
__Lbank5                                       bank5        00000
__Lbank6                                       bank6        00000
__Lbank7                                       bank7        00000
__Lbank8                                       bank8        00000
__Lbank9                                       bank9        00000
__Lbigram                                      bigram       00000
__LbssBANK1                                    bssBANK1     000F0
__LbssBANK2                                    bssBANK2     000F0
__LbssCOMMON                                   bssCOMMON    000F0
__Lcinit                                       cinit        00059
__Lclrtext                                     clrtext      00000
__Lcode                                        code         00000
__Lcommon                                      common       00000
__Lconfig                                      config       00000
__LcstackBANK0                                 cstackBANK0  000E4
__LcstackBANK1                                 cstackBANK1  000E4
__LcstackBANK2                                 cstackBANK2  000E4
__LcstackCOMMON                                cstackCOMMON 000E4
__Leeprom_data                                 eeprom_data  00000
__Lend_init                                    end_init     00056
__Lfunctab                                     functab      00000
__Lheap                                        heap         00000
__Linit                                        init         00056
__Lintentry                                    intentry     00004
__Lmaintext                                    maintext     00000
__LnvBANK1                                     nvBANK1      000F0
__LnvBANK2                                     nvBANK2      000F0
__Lpowerup                                     powerup      00000
__Lram                                         ram          00000
__Lreset_vec                                   reset_vec    00000
__Lsfr0                                        sfr0         00000
__Lsfr1                                        sfr1         00000
__Lsfr10                                       sfr10        00000
__Lsfr11                                       sfr11        00000
__Lsfr12                                       sfr12        00000
__Lsfr13                                       sfr13        00000
__Lsfr14                                       sfr14        00000
__Lsfr15                                       sfr15        00000
__Lsfr16                                       sfr16        00000
__Lsfr17                                       sfr17        00000
__Lsfr18                                       sfr18        00000
__Lsfr19                                       sfr19        00000
__Lsfr2                                        sfr2         00000
__Lsfr20                                       sfr20        00000
__Lsfr21                                       sfr21        00000
__Lsfr22                                       sfr22        00000
__Lsfr23                                       sfr23        00000
__Lsfr24                                       sfr24        00000
__Lsfr25                                       sfr25        00000
__Lsfr26                                       sfr26        00000
__Lsfr27                                       sfr27        00000
__Lsfr28                                       sfr28        00000
__Lsfr29                                       sfr29        00000
__Lsfr3                                        sfr3         00000
__Lsfr30                                       sfr30        00000
__Lsfr31                                       sfr31        00000
__Lsfr4                                        sfr4         00000
__Lsfr5                                        sfr5         00000
__Lsfr6                                        sfr6         00000
__Lsfr7                                        sfr7         00000
__Lsfr8                                        sfr8         00000
__Lsfr9                                        sfr9         00000
__Lsivt                                        sivt         00056
__Lspace_0                                     (abs)        00000
__Lspace_1                                     (abs)        00000
__Lspace_2                                     (abs)        00000
__Lspace_3                                     (abs)        00000
__Lspace_4                                     (abs)        00000
__Lstack                                       stack        00000
__Lstrings                                     strings      00000
__Lstringtext1                                 stringtext1  000F0
__Ltext                                        text         00000
__S0                                           (abs)        01000
__S1                                           (abs)        00156
__S3                                           (abs)        00000
__Umul8_16                                     text43       00A80
__Umul8_16@multiplicand                        cstackCOMMON 00072
__Umul8_16@multiplier                          cstackBANK0  00024
__Umul8_16@product                             cstackBANK0  00020
__Umul8_16@word_mpld                           cstackBANK0  00022
___fladd                                       text41       002AB
___fladd@a                                     cstackBANK0  00051
___fladd@aexp                                  cstackBANK0  0005E
___fladd@b                                     cstackBANK0  0004D
___fladd@bexp                                  cstackBANK0  0005F
___fladd@grs                                   cstackBANK0  00060
___fladd@signs                                 cstackBANK0  0005D
___fldiv                                       text10       004B7
___fldiv@a                                     cstackBANK0  0004D
___fldiv@aexp                                  cstackBANK0  00066
___fldiv@b                                     cstackBANK0  00051
___fldiv@bexp                                  cstackBANK0  00065
___fldiv@grs                                   cstackBANK0  00061
___fldiv@new_exp                               cstackBANK0  0005F
___fldiv@rem                                   cstackBANK0  0005A
___fldiv@sign                                  cstackBANK0  0005E
___flge                                        text9        00D97
___flge@ff1                                    cstackBANK0  00020
___flge@ff2                                    cstackBANK0  00024
___flmul                                       text42       00070
___flmul@a                                     cstackBANK0  00037
___flmul@aexp                                  cstackBANK0  00041
___flmul@b                                     cstackBANK0  00033
___flmul@bexp                                  cstackBANK0  00046
___flmul@grs                                   cstackBANK0  00042
___flmul@prod                                  cstackBANK0  00047
___flmul@sign                                  cstackBANK0  00040
___flmul@temp                                  cstackBANK0  0004B
___flsub                                       text40       009F7
___flsub@a                                     cstackBANK0  00061
___flsub@b                                     cstackBANK0  00065
___fltol                                       text39       00C34
___fltol@exp1                                  cstackCOMMON 00077
___fltol@f1                                    cstackBANK0  00067
___fltol@sign1                                 cstackCOMMON 00076
___heap_hi                                     (abs)        00000
___heap_lo                                     (abs)        00000
___int_sp                                      stack        00000
___int_stack_hi                                stack        00000
___int_stack_lo                                stack        00000
___latbits                                     (abs)        00001
___sp                                          stack        00000
___stack_hi                                    stack        00000
___stack_lo                                    stack        00000
___stackhi                                     (abs)        00000
___stacklo                                     (abs)        00000
___xxtofl                                      text38       00E22
___xxtofl@arg                                  cstackBANK0  0002F
___xxtofl@exp                                  cstackBANK0  0002E
___xxtofl@sign                                 cstackBANK0  0002D
___xxtofl@val                                  cstackBANK0  00025
__end_of_ADC_GetConversion                     text47       00983
__end_of_ADC_Initialize                        text30       0001E
__end_of_AbreValvula                           text44       009BA
__end_of_Controle                              text33       00A5D
__end_of_ControleAjuste                        text37       01000
__end_of_EPWM1_Initialize                      text29       008B1
__end_of_EPWM1_LoadDutyValue                   text36       00938
__end_of_EUSART_DefaultErrorHandler            text61       00004
__end_of_EUSART_DefaultFramingErrorHandler     text60       0087B
__end_of_EUSART_DefaultOverrunErrorHandler     text59       00008
__end_of_EUSART_Initialize                     text23       00B44
__end_of_EUSART_Read                           text2        00A80
__end_of_EUSART_Receive_ISR                    text58       00B81
__end_of_EUSART_RxDataHandler                  text62       0090A
__end_of_EUSART_SetErrorHandler                text28       00024
__end_of_EUSART_SetFramingErrorHandler         text27       0002A
__end_of_EUSART_SetOverrunErrorHandler         text26       00030
__end_of_EUSART_SetRxInterruptHandler          text25       00036
__end_of_EUSART_SetTxInterruptHandler          text24       0003C
__end_of_EUSART_Transmit_ISR                   text57       009D8
__end_of_EUSART_is_rx_ready                    text32       00016
__end_of_EXT_INT_Initialize                    text21       00888
__end_of_FechaValvula                          text31       008A3
__end_of_INTERRUPT_InterruptManager            intentry     00056
__end_of_INT_CallBack                          text55       00895
__end_of_INT_DefaultInterruptHandler           text56       0087C
__end_of_INT_ISR                               text54       0000D
__end_of_INT_SetInterruptHandler               text22       00042
__end_of_LUTsoundspeed                         stringtext1  0087A
__end_of_LeituraValvula                        text45       00BD8
__end_of_MoveValvula                           text46       00D13
__end_of_OSCILLATOR_Initialize                 text20       00049
__end_of_PIN_MANAGER_Initialize                text19       0094F
__end_of_SYSTEM_Initialize                     text12       009F7
__end_of_TMR1_DefaultInterruptHandler          text53       00003
__end_of_TMR1_ISR                              text51       00921
__end_of_TMR1_Initialize                       text17       0099E
__end_of_TMR1_ReadTimer                        text7        00968
__end_of_TMR1_SetInterruptHandler              text18       0004F
__end_of_TMR1_StartTimer                       text6        0006F
__end_of_TMR1_StopTimer                        text5        00072
__end_of_TMR1_WriteTimer                       text4        008E2
__end_of_TMR2_Initialize                       text16       00057
__end_of_TMR4_DefaultInterruptHandler          text50       00004
__end_of_TMR4_ISR                              text49       008C0
__end_of_TMR4_Initialize                       text14       008F5
__end_of_TMR4_SetInterruptHandler              text15       0005D
__end_of_WDT_Initialize                        text13       00061
__end_of__Umul8_16                             text43       00AA4
__end_of___fladd                               text41       004B7
__end_of___fldiv                               text10       0065B
__end_of___flge                                text9        00E22
__end_of___flmul                               text42       002AB
__end_of___flsub                               text40       00A17
__end_of___fltol                               text39       00CA3
__end_of___xxtofl                              text38       00EC7
__end_of__initialization                       cinit        0006C
__end_of_ajustaPwm                             text35       00B08
__end_of_ajustaValvula                         text34       00A3A
__end_of_atualizaDadosRecebidos                text11       0006C
__end_of_calculateHeight                       text8        007AE
__end_of_calculateToF                          text3        00C34
__end_of_main                                  maintext     00D97
__end_of_processaRecepcaoUSART                 text1        00AD3
__end_ofi1_TMR1_WriteTimer                     text52       008D1
__initialization                               cinit        00059
__pbssBANK1                                    bssBANK1     000A0
__pbssBANK2                                    bssBANK2     00120
__pbssCOMMON                                   bssCOMMON    00079
__pcstackBANK0                                 cstackBANK0  00020
__pcstackBANK1                                 cstackBANK1  000DB
__pcstackBANK2                                 cstackBANK2  00152
__pcstackCOMMON                                cstackCOMMON 00070
__pintentry                                    intentry     00004
__pmaintext                                    maintext     00D13
__pnvBANK1                                     nvBANK1      000E9
__pnvBANK2                                     nvBANK2      00148
__pstringtext1                                 stringtext1  007AE
__ptext1                                       text1        00AA4
__ptext10                                      text10       004B7
__ptext11                                      text11       00061
__ptext12                                      text12       009D8
__ptext13                                      text13       0005D
__ptext14                                      text14       008E2
__ptext15                                      text15       00057
__ptext16                                      text16       0004F
__ptext17                                      text17       00983
__ptext18                                      text18       00049
__ptext19                                      text19       00938
__ptext2                                       text2        00A5D
__ptext20                                      text20       00042
__ptext21                                      text21       0087C
__ptext22                                      text22       0003C
__ptext23                                      text23       00B08
__ptext24                                      text24       00036
__ptext25                                      text25       00030
__ptext26                                      text26       0002A
__ptext27                                      text27       00024
__ptext28                                      text28       0001E
__ptext29                                      text29       008A3
__ptext3                                       text3        00BD8
__ptext30                                      text30       00016
__ptext31                                      text31       00895
__ptext32                                      text32       0000D
__ptext33                                      text33       00A3A
__ptext34                                      text34       00A17
__ptext35                                      text35       00AD3
__ptext36                                      text36       00921
__ptext37                                      text37       00EC7
__ptext38                                      text38       00E22
__ptext39                                      text39       00C34
__ptext4                                       text4        008D1
__ptext40                                      text40       009F7
__ptext41                                      text41       002AB
__ptext42                                      text42       00070
__ptext43                                      text43       00A80
__ptext44                                      text44       0099E
__ptext45                                      text45       00B81
__ptext46                                      text46       00CA3
__ptext47                                      text47       00968
__ptext49                                      text49       008B1
__ptext5                                       text5        0006F
__ptext50                                      text50       00003
__ptext51                                      text51       0090A
__ptext52                                      text52       008C0
__ptext53                                      text53       00002
__ptext54                                      text54       00008
__ptext55                                      text55       00888
__ptext56                                      text56       0087B
__ptext57                                      text57       009BA
__ptext58                                      text58       00B44
__ptext59                                      text59       00004
__ptext6                                       text6        0006C
__ptext60                                      text60       0087A
__ptext61                                      text61       00000
__ptext62                                      text62       008F5
__ptext7                                       text7        0094F
__ptext8                                       text8        0065B
__ptext9                                       text9        00D97
_ajustaPwm                                     text35       00AD3
_ajustaPwm$1172                                cstackBANK0  00020
_ajustaValvula                                 text34       00A17
_ajustaValvula$1176                            cstackCOMMON 00075
_atualizaDadosRecebidos                        text11       00061
_calculateHeight                               text8        0065B
_calculateToF                                  text3        00BD8
_calibracao                                    bssBANK1     000D0
_dados                                         bssBANK1     000A0
_erroAcumulado                                 bssBANK1     000BA
_erroAnterior                                  bssBANK1     000B6
_eusartRxBuffer                                bssBANK2     00128
_eusartRxCount                                 bssBANK1     000D4
_eusartRxHead                                  bssCOMMON    0007A
_eusartRxLastError                             bssBANK1     000D3
_eusartRxStatusBuffer                          bssBANK2     00120
_eusartRxTail                                  bssCOMMON    00079
_eusartTxBuffer                                bssBANK2     00130
_eusartTxBufferRemaining                       bssBANK1     000D5
_eusartTxHead                                  bssCOMMON    0007B
_eusartTxTail                                  bssBANK1     000D6
_main                                          maintext     00D13
_novosDadosCadastrados                         bssBANK1     000CF
_passo_atual                                   bssBANK1     000C4
_processaRecepcaoUSART                         text1        00AA4
_rxbuffer                                      bssBANK1     000AF
_soundspeed_t                                  bssBANK1     000C8
_temperature                                   bssBANK1     000D7
_temperature_index                             bssBANK1     000D2
_timer1ReloadVal                               bssBANK1     000CA
_valvula_aberta                                bssBANK1     000D1
ajustaPwm@ajuste                               cstackCOMMON 00076
ajustaPwm@sinalPWM                             cstackBANK0  00022
ajustaValvula@ajuste                           cstackCOMMON 00072
ajustaValvula@novaPosicao                      cstackCOMMON 00077
btemp                                          (abs)        0007E
clear_ram0                                     clrtext      00072
end_of_initialization                          cinit        0006C
i1TMR1_WriteTimer@timerVal                     cstackCOMMON 00070
i1_TMR1_WriteTimer                             text52       008C0
int$flags                                      (abs)        0007E
intlevel0                                      functab      00000
intlevel1                                      functab      00000
intlevel2                                      functab      00000
intlevel3                                      functab      00000
intlevel4                                      functab      00000
intlevel5                                      functab      00000
processaRecepcaoUSART@i                        cstackCOMMON 00074
reset_vec                                      reset_vec    00000
start                                          init         00056
start_initialization                           cinit        00059
wtemp0                                         (abs)        0007E
